[2026/08/11 23:47:49,863],[DEBUG],[6],,－,::1,-----↓,Global.asax,Application_OnPreRequest
[2026/08/11 23:47:49,966],[INFO ],[6],,未認証,::1,----->,Home,Login(OnActionExecuting)
[2026/08/11 23:47:50,056],[INFO ],[6],,未認証,::1,----->>,Home,Login -> 
[2026/08/11 23:47:50,058],[INFO ],[6],,未認証,::1,<-----,Home,Login(OnActionExecuted),95,94
[2026/08/11 23:47:50,060],[DEBUG],[6],,未認証,::1,----->,Home,Login(OnResultExecuting)
[2026/08/11 23:47:51,428],[DEBUG],[6],,未認証,::1,<-----,Home,Login(OnResultExecuted),1465,2141
[2026/08/11 23:47:51,430],[DEBUG],[6],,－,::1,-----↑,Global.asax,Application_OnPostRequest,－,－,1555,1531
[2026/08/11 23:47:51,481],[DEBUG],[7],,－,::1,-----↓,Global.asax,Application_OnPreRequest
[2026/08/11 23:47:51,516],[INFO ],[7],,未認証,::1,----->,Home,Login(OnActionExecuting)
[2026/08/11 23:47:51,516],[INFO ],[7],,未認証,::1,----->>,Home,Login -> 
[2026/08/11 23:47:51,516],[INFO ],[7],,未認証,::1,<-----,Home,Login(OnActionExecuted),0,0
[2026/08/11 23:47:51,516],[DEBUG],[7],,未認証,::1,----->,Home,Login(OnResultExecuting)
[2026/08/11 23:47:51,517],[DEBUG],[7],,未認証,::1,<-----,Home,Login(OnResultExecuted),1,0
[2026/08/11 23:47:51,517],[DEBUG],[7],,－,::1,-----↑,Global.asax,Application_OnPostRequest,－,－,2,0
[2026/08/11 23:47:51,552],[DEBUG],[7],,－,::1,-----↓,Global.asax,Application_OnPreRequest
[2026/08/11 23:47:51,553],[INFO ],[7],,未認証,::1,----->,Home,Login(OnActionExecuting)
[2026/08/11 23:47:51,553],[INFO ],[7],,未認証,::1,----->>,Home,Login -> 
[2026/08/11 23:47:51,553],[INFO ],[7],,未認証,::1,<-----,Home,Login(OnActionExecuted),0,0
[2026/08/11 23:47:51,553],[DEBUG],[7],,未認証,::1,----->,Home,Login(OnResultExecuting)
[2026/08/11 23:47:51,554],[DEBUG],[7],,未認証,::1,<-----,Home,Login(OnResultExecuted),1,16
[2026/08/11 23:47:51,554],[DEBUG],[7],,－,::1,-----↑,Global.asax,Application_OnPostRequest,－,－,2,0
[2026/08/11 23:47:51,572],[DEBUG],[7],,－,::1,-----↓,Global.asax,Application_OnPreRequest
[2026/08/11 23:47:51,572],[INFO ],[7],,未認証,::1,----->,Home,Login(OnActionExecuting)
[2026/08/11 23:47:51,572],[INFO ],[7],,未認証,::1,----->>,Home,Login -> 
[2026/08/11 23:47:51,572],[INFO ],[7],,未認証,::1,<-----,Home,Login(OnActionExecuted),0,0
[2026/08/11 23:47:51,572],[DEBUG],[7],,未認証,::1,----->,Home,Login(OnResultExecuting)
[2026/08/11 23:47:51,574],[DEBUG],[7],,未認証,::1,<-----,Home,Login(OnResultExecuted),2,16
[2026/08/11 23:47:51,574],[DEBUG],[7],,－,::1,-----↑,Global.asax,Application_OnPostRequest,－,－,2,0
[2026/08/11 23:52:03,921],[INFO ],[7],,未認証,localhost,----->,Home,Index(OnActionExecuting)
[2026/08/11 23:52:03,932],[INFO ],[7],,未認証,localhost,----->>,Home,Index -> Index
[2026/08/11 23:52:03,932],[INFO ],[7],,未認証,localhost,<-----,Home,Index(OnActionExecuted),643,
[2026/08/11 23:52:03,933],[DEBUG],[7],,未認証,localhost,----->,Home,Index(OnResultExecuting)
[2026/08/11 23:52:04,102],[DEBUG],[7],,未認証,localhost,<-----,Home,Index(OnResultExecuted),169,
[2026/08/11 23:52:04,128],[INFO ],[10],,未認証,localhost,----->,Home,Index(OnActionExecuting)
[2026/08/11 23:52:04,128],[INFO ],[10],,未認証,localhost,----->>,Home,Index -> Index
[2026/08/11 23:52:04,128],[INFO ],[10],,未認証,localhost,<-----,Home,Index(OnActionExecuted),0,
[2026/08/11 23:52:04,128],[DEBUG],[10],,未認証,localhost,----->,Home,Index(OnResultExecuting)
[2026/08/11 23:52:04,131],[DEBUG],[10],,未認証,localhost,<-----,Home,Index(OnResultExecuted),2,
[2026/08/11 23:52:04,147],[INFO ],[11],,未認証,localhost,----->,Home,Index(OnActionExecuting)
[2026/08/11 23:52:04,147],[INFO ],[11],,未認証,localhost,----->>,Home,Index -> Index
[2026/08/11 23:52:04,147],[INFO ],[11],,未認証,localhost,<-----,Home,Index(OnActionExecuted),0,
[2026/08/11 23:52:04,147],[DEBUG],[11],,未認証,localhost,----->,Home,Index(OnResultExecuting)
[2026/08/11 23:52:04,148],[DEBUG],[11],,未認証,localhost,<-----,Home,Index(OnResultExecuted),0,
[2026/08/11 23:52:04,155],[INFO ],[7],,未認証,localhost,----->,Home,Login(OnActionExecuting)
[2026/08/11 23:52:04,155],[INFO ],[7],,未認証,localhost,----->>,Home,Login -> Login
[2026/08/11 23:52:04,155],[INFO ],[7],,未認証,localhost,<-----,Home,Login(OnActionExecuted),0,
[2026/08/11 23:52:04,155],[DEBUG],[7],,未認証,localhost,----->,Home,Login(OnResultExecuting)
[2026/08/11 23:52:04,178],[DEBUG],[7],,未認証,localhost,<-----,Home,Login(OnResultExecuted),23,
[2026/08/11 23:57:00,928],[DEBUG],[5],,－,::1,-----↓,Global.asax,Application_OnPreRequest
[2026/08/11 23:57:01,096],[INFO ],[5],,未認証,::1,init,login
[2026/08/11 23:57:02,846],[DEBUG],[5],,－,::1,-----↑,Global.asax,Application_OnPostRequest,－,－,1904,1313
[2026/08/11 23:57:02,902],[DEBUG],[11],,－,::1,-----↓,Global.asax,Application_OnPreRequest
[2026/08/11 23:57:02,903],[INFO ],[11],,未認証,::1,init,login
[2026/08/11 23:57:02,904],[DEBUG],[11],,－,::1,-----↑,Global.asax,Application_OnPostRequest,－,－,2,0
[2026/08/11 23:57:02,938],[DEBUG],[10],,－,::1,-----↓,Global.asax,Application_OnPreRequest
[2026/08/11 23:57:02,938],[INFO ],[10],,未認証,::1,init,login
[2026/08/11 23:57:02,940],[DEBUG],[10],,－,::1,-----↑,Global.asax,Application_OnPostRequest,－,－,2,0
[2026/08/11 23:57:28,631],[DEBUG],[6],,－,::1,-----↓,Global.asax,Application_OnPreRequest
[2026/08/11 23:57:31,402],[INFO ],[6],,未認証,::1,init,login
[2026/08/11 23:57:32,674],[DEBUG],[6],,－,::1,-----↑,Global.asax,Application_OnPostRequest,－,－,4028,2172
[2026/08/11 23:57:52,252],[DEBUG],[7],,－,::1,-----↓,Global.asax,Application_OnPreRequest
[2026/08/11 23:57:52,339],[INFO ],[7],,未認証,::1,----->,Home,Login(OnActionExecuting)
[2026/08/11 23:57:52,440],[INFO ],[7],,未認証,::1,----->>,Home,Login -> 
[2026/08/11 23:57:52,441],[INFO ],[7],,未認証,::1,<-----,Home,Login(OnActionExecuted),105,109
[2026/08/11 23:57:52,443],[DEBUG],[7],,未認証,::1,----->,Home,Login(OnResultExecuting)
[2026/08/11 23:57:53,850],[DEBUG],[7],,未認証,::1,<-----,Home,Login(OnResultExecuted),1514,1813
[2026/08/11 23:57:53,853],[DEBUG],[7],,－,::1,-----↑,Global.asax,Application_OnPostRequest,－,－,1591,1531
