[2026/08/12 00:10:13,854],[DEBUG],[5],,－,::1,-----↓,Global.asax,Application_OnPreRequest
[2026/08/12 00:10:14,126],[INFO ],[5],,未認証,::1,init,login
[2026/08/12 00:10:16,492],[DEBUG],[5],,－,::1,-----↑,Global.asax,Application_OnPostRequest,－,－,2611,1828
[2026/08/12 00:10:35,151],[DEBUG],[6],,－,::1,-----↓,Global.asax,Application_OnPreRequest
[2026/08/12 00:10:40,413],[INFO ],[6],,未認証,::1,init,login
[2026/08/12 00:10:42,229],[DEBUG],[6],,－,::1,-----↑,Global.asax,Application_OnPostRequest,－,－,7046,3453
[2026/08/12 00:10:42,418],[DEBUG],[9],,－,::1,-----↓,Global.asax,Application_OnPreRequest
[2026/08/12 00:10:42,487],[INFO ],[9],,未認証,::1,postback,login
[2026/08/12 00:10:42,551],[INFO ],[9],,未認証,::1,----->,login,txtUserID
[2026/08/12 00:10:42,555],[INFO ],[9],,未認証,::1,<-----,login,txtUserID,,4,0
[2026/08/12 00:10:42,555],[INFO ],[9],,未認証,::1,----->,login,txtPassword
[2026/08/12 00:10:42,556],[INFO ],[9],,未認証,::1,<-----,login,txtPassword,,0,0
[2026/08/12 00:10:42,560],[INFO ],[9],,未認証,::1,----->,login,btnButton1
[2026/08/12 00:10:42,595],[INFO ],[9],,testuser,::1,<-----,login,btnButton1,,35,31
[2026/08/12 00:10:42,602],[DEBUG],[9],,－,::1,-----↑,Global.asax,Application_OnPostRequest,－,－,184,125
[2026/08/12 00:10:44,756],[FATAL],[9],,－,::1,－,Global.asax,Application_Error,,,,,System.Web.HttpException (0x80072749): セッション状態要求をセッション状態サーバーに対して作成できませんでした。ASP.NET 状態サービスが開始されていて、クライアントとサーバーのポートが同じであることを確認してください。サーバーがリモート コンピューター上にある場合、HKEY_LOCAL_MACHINE\SYSTEM\CurrentControlSet\Services\aspnet_state\Parameters\AllowRemoteConnection の値を調べて、このコンピューターがリモート要求を受け付けることを確認してください。サーバーがローカル コンピューター上にあり、上記のレジストリ値が存在していないか 0 に設定されている場合、状態サーバー接続文字列ではサーバー名に 'localhost' または '127.0.0.1' を指定しなければなりません。
   場所 System.Web.SessionState.OutOfProcSessionStateStore.MakeRequest(StateProtocolVerb verb, String id, StateProtocolExclusive exclusiveAccess, Int32 extraFlags, Int32 timeout, Int32 lockCookie, Byte[] buf, Int32 cb, Int32 networkTimeout, SessionNDMakeRequestResults& results)
   場所 System.Web.SessionState.OutOfProcSessionStateStore.SetAndReleaseItemExclusive(HttpContext context, String id, SessionStateStoreData item, Object lockId, Boolean newItem)
   場所 System.Web.SessionState.SessionStateModule.OnReleaseState(Object source, EventArgs eventArgs)
   場所 System.Web.HttpApplication.SyncEventExecutionStep.System.Web.HttpApplication.IExecutionStep.Execute()
   場所 System.Web.HttpApplication.ExecuteStepImpl(IExecutionStep step)
   場所 System.Web.HttpApplication.ExecuteStep(IExecutionStep step, Boolean& completedSynchronously)
[2026/08/12 00:10:44,887],[DEBUG],[13],,－,::1,-----↓,Global.asax,Application_OnPreRequest
[2026/08/12 00:10:44,888],[INFO ],[13],,未認証,::1,init,login
[2026/08/12 00:10:44,892],[DEBUG],[13],,－,::1,-----↑,Global.asax,Application_OnPostRequest,－,－,4,0
[2026/08/12 00:10:44,915],[DEBUG],[8],,－,::1,-----↓,Global.asax,Application_OnPreRequest
[2026/08/12 00:10:44,916],[INFO ],[8],,未認証,::1,init,login
[2026/08/12 00:10:44,918],[DEBUG],[8],,－,::1,-----↑,Global.asax,Application_OnPostRequest,－,－,4,0
[2026/08/12 00:11:13,238],[DEBUG],[6],,－,::1,-----↓,Global.asax,Application_OnPreRequest
[2026/08/12 00:11:18,750],[INFO ],[6],,未認証,::1,init,login
[2026/08/12 00:11:20,677],[DEBUG],[6],,－,::1,-----↑,Global.asax,Application_OnPostRequest,－,－,7400,3734
[2026/08/12 00:11:20,832],[DEBUG],[12],,－,::1,-----↓,Global.asax,Application_OnPreRequest
[2026/08/12 00:11:20,892],[INFO ],[12],,未認証,::1,postback,login
[2026/08/12 00:11:20,898],[INFO ],[12],,未認証,::1,----->,login,txtUserID
[2026/08/12 00:11:20,902],[INFO ],[12],,未認証,::1,<-----,login,txtUserID,,3,0
[2026/08/12 00:11:20,902],[INFO ],[12],,未認証,::1,----->,login,txtPassword
[2026/08/12 00:11:20,902],[INFO ],[12],,未認証,::1,<-----,login,txtPassword,,0,0
[2026/08/12 00:11:20,906],[INFO ],[12],,未認証,::1,----->,login,btnButton1
[2026/08/12 00:11:20,931],[INFO ],[12],,testuser,::1,<-----,login,btnButton1,,26,31
[2026/08/12 00:11:20,937],[DEBUG],[12],,－,::1,-----↑,Global.asax,Application_OnPostRequest,－,－,105,94
[2026/08/12 00:11:23,067],[FATAL],[12],,－,::1,－,Global.asax,Application_Error,,,,,System.Web.HttpException (0x80072749): セッション状態要求をセッション状態サーバーに対して作成できませんでした。ASP.NET 状態サービスが開始されていて、クライアントとサーバーのポートが同じであることを確認してください。サーバーがリモート コンピューター上にある場合、HKEY_LOCAL_MACHINE\SYSTEM\CurrentControlSet\Services\aspnet_state\Parameters\AllowRemoteConnection の値を調べて、このコンピューターがリモート要求を受け付けることを確認してください。サーバーがローカル コンピューター上にあり、上記のレジストリ値が存在していないか 0 に設定されている場合、状態サーバー接続文字列ではサーバー名に 'localhost' または '127.0.0.1' を指定しなければなりません。
   場所 System.Web.SessionState.OutOfProcSessionStateStore.MakeRequest(StateProtocolVerb verb, String id, StateProtocolExclusive exclusiveAccess, Int32 extraFlags, Int32 timeout, Int32 lockCookie, Byte[] buf, Int32 cb, Int32 networkTimeout, SessionNDMakeRequestResults& results)
   場所 System.Web.SessionState.OutOfProcSessionStateStore.SetAndReleaseItemExclusive(HttpContext context, String id, SessionStateStoreData item, Object lockId, Boolean newItem)
   場所 System.Web.SessionState.SessionStateModule.OnReleaseState(Object source, EventArgs eventArgs)
   場所 System.Web.HttpApplication.SyncEventExecutionStep.System.Web.HttpApplication.IExecutionStep.Execute()
   場所 System.Web.HttpApplication.ExecuteStepImpl(IExecutionStep step)
   場所 System.Web.HttpApplication.ExecuteStep(IExecutionStep step, Boolean& completedSynchronously)
[2026/08/12 00:12:03,424],[DEBUG],[12],,－,::1,-----↓,Global.asax,Application_OnPreRequest
[2026/08/12 00:12:08,496],[INFO ],[12],,未認証,::1,init,login
[2026/08/12 00:12:10,504],[DEBUG],[12],,－,::1,-----↑,Global.asax,Application_OnPostRequest,－,－,7016,3594
[2026/08/12 00:12:10,722],[DEBUG],[7],,－,::1,-----↓,Global.asax,Application_OnPreRequest
[2026/08/12 00:12:10,820],[INFO ],[7],,未認証,::1,postback,login
[2026/08/12 00:12:10,833],[INFO ],[7],,未認証,::1,----->,login,txtUserID
[2026/08/12 00:12:10,838],[INFO ],[7],,未認証,::1,<-----,login,txtUserID,,5,0
[2026/08/12 00:12:10,839],[INFO ],[7],,未認証,::1,----->,login,txtPassword
[2026/08/12 00:12:10,839],[INFO ],[7],,未認証,::1,<-----,login,txtPassword,,0,0
[2026/08/12 00:12:10,843],[INFO ],[7],,未認証,::1,----->,login,btnButton1
[2026/08/12 00:12:10,892],[INFO ],[7],,testuser,::1,<-----,login,btnButton1,,48,47
[2026/08/12 00:12:10,905],[DEBUG],[7],,－,::1,-----↑,Global.asax,Application_OnPostRequest,－,－,182,156
[2026/08/12 00:12:10,991],[DEBUG],[6],,－,::1,-----↓,Global.asax,Application_OnPreRequest
[2026/08/12 00:12:11,013],[INFO ],[6],,testuser,::1,init,menu
[2026/08/12 00:12:11,038],[DEBUG],[6],,－,::1,-----↑,Global.asax,Application_OnPostRequest,－,－,47,47
[2026/08/12 00:12:15,022],[DEBUG],[11],,－,::1,-----↓,Global.asax,Application_OnPreRequest
[2026/08/12 00:12:15,176],[INFO ],[11],,testuser,::1,init,sampleScreen_cc
[2026/08/12 00:12:15,247],[DEBUG],[11],,－,::1,-----↑,Global.asax,Application_OnPostRequest,－,－,225,219
[2026/08/12 00:12:15,270],[DEBUG],[6],,－,::1,-----↓,Global.asax,Application_OnPreRequest
[2026/08/12 00:12:15,311],[INFO ],[6],,testuser,::1,postback,sampleScreen_cc
[2026/08/12 00:12:15,319],[DEBUG],[6],,－,::1,-----↑,Global.asax,Application_OnPostRequest,－,－,48,47
[2026/08/12 00:12:39,801],[DEBUG],[6],,－,::1,-----↓,Global.asax,Application_OnPreRequest
[2026/08/12 00:12:48,263],[INFO ],[6],,未認証,::1,init,login
[2026/08/12 00:12:49,789],[DEBUG],[6],,－,::1,-----↑,Global.asax,Application_OnPostRequest,－,－,9955,2891
[2026/08/12 00:12:49,938],[DEBUG],[13],,－,::1,-----↓,Global.asax,Application_OnPreRequest
[2026/08/12 00:12:49,993],[INFO ],[13],,未認証,::1,postback,login
[2026/08/12 00:12:49,999],[INFO ],[13],,未認証,::1,----->,login,txtUserID
[2026/08/12 00:12:50,001],[INFO ],[13],,未認証,::1,<-----,login,txtUserID,,3,0
[2026/08/12 00:12:50,003],[INFO ],[13],,未認証,::1,----->,login,txtPassword
[2026/08/12 00:12:50,003],[INFO ],[13],,未認証,::1,<-----,login,txtPassword,,0,0
[2026/08/12 00:12:50,005],[INFO ],[13],,未認証,::1,----->,login,btnButton1
[2026/08/12 00:12:50,032],[INFO ],[13],,testuser,::1,<-----,login,btnButton1,,27,16
[2026/08/12 00:12:50,038],[DEBUG],[13],,－,::1,-----↑,Global.asax,Application_OnPostRequest,－,－,100,109
[2026/08/12 00:12:50,091],[DEBUG],[7],,－,::1,-----↓,Global.asax,Application_OnPreRequest
[2026/08/12 00:12:50,102],[INFO ],[7],,testuser,::1,init,menu
[2026/08/12 00:12:50,112],[DEBUG],[7],,－,::1,-----↑,Global.asax,Application_OnPostRequest,－,－,21,31
[2026/08/12 00:12:50,132],[DEBUG],[10],,－,::1,-----↓,Global.asax,Application_OnPreRequest
[2026/08/12 00:12:50,223],[INFO ],[10],,testuser,::1,init,sampleScreen_cc
[2026/08/12 00:12:50,266],[DEBUG],[10],,－,::1,-----↑,Global.asax,Application_OnPostRequest,－,－,134,125
[2026/08/12 00:13:36,181],[DEBUG],[6],,－,::1,-----↓,Global.asax,Application_OnPreRequest
[2026/08/12 00:13:40,646],[INFO ],[6],,未認証,::1,init,login
[2026/08/12 00:13:42,260],[DEBUG],[6],,－,::1,-----↑,Global.asax,Application_OnPostRequest,－,－,6050,3109
[2026/08/12 00:13:42,390],[DEBUG],[12],,－,::1,-----↓,Global.asax,Application_OnPreRequest
[2026/08/12 00:13:42,445],[INFO ],[12],,未認証,::1,postback,login
[2026/08/12 00:13:42,452],[INFO ],[12],,未認証,::1,----->,login,txtUserID
[2026/08/12 00:13:42,456],[INFO ],[12],,未認証,::1,<-----,login,txtUserID,,3,0
[2026/08/12 00:13:42,456],[INFO ],[12],,未認証,::1,----->,login,txtPassword
[2026/08/12 00:13:42,456],[INFO ],[12],,未認証,::1,<-----,login,txtPassword,,0,0
[2026/08/12 00:13:42,458],[INFO ],[12],,未認証,::1,----->,login,btnButton1
[2026/08/12 00:13:42,484],[INFO ],[12],,testuser,::1,<-----,login,btnButton1,,27,16
[2026/08/12 00:13:42,490],[DEBUG],[12],,－,::1,-----↑,Global.asax,Application_OnPostRequest,－,－,100,109
[2026/08/12 00:13:42,543],[DEBUG],[10],,－,::1,-----↓,Global.asax,Application_OnPreRequest
[2026/08/12 00:13:42,555],[INFO ],[10],,testuser,::1,init,menu
[2026/08/12 00:13:42,569],[DEBUG],[10],,－,::1,-----↑,Global.asax,Application_OnPostRequest,－,－,26,31
[2026/08/12 00:13:42,587],[DEBUG],[8],,－,::1,-----↓,Global.asax,Application_OnPreRequest
[2026/08/12 00:13:42,685],[INFO ],[8],,testuser,::1,init,sampleScreen_cc
[2026/08/12 00:13:42,731],[DEBUG],[8],,－,::1,-----↑,Global.asax,Application_OnPostRequest,－,－,145,125
[2026/08/12 00:13:42,745],[DEBUG],[9],,－,::1,-----↓,Global.asax,Application_OnPreRequest
[2026/08/12 00:13:42,766],[INFO ],[9],,testuser,::1,postback,sampleScreen_cc
[2026/08/12 00:13:42,768],[INFO ],[9],,testuser,::1,----->,sampleScreen_cc,ddlCmctCtrl
[2026/08/12 00:13:42,768],[INFO ],[9],,testuser,::1,<-----,sampleScreen_cc,ddlCmctCtrl,,0,0
[2026/08/12 00:13:42,770],[INFO ],[9],,testuser,::1,----->,sampleScreen_cc,btnMButton1
[2026/08/12 00:13:58,372],[ERROR],[9],,testuser,::1,<-----,sampleScreen_cc,btnMButton1,,15353,563,other Exception,SQL Server への接続を確立しているときにネットワーク関連またはインスタンス固有のエラーが発生しました。サーバーが見つからないかアクセスできません。インスタンス名が正しいこと、および SQL Server がリモート接続を許可するように構成されていることを確認してください。 (provider: 名前付きパイプのプロバイダー, error: 40 - SQL Server への接続を開けませんでした)
Microsoft.Data.SqlClient.SqlException (0x80131904): SQL Server への接続を確立しているときにネットワーク関連またはインスタンス固有のエラーが発生しました。サーバーが見つからないかアクセスできません。インスタンス名が正しいこと、および SQL Server がリモート接続を許可するように構成されていることを確認してください。 (provider: 名前付きパイプのプロバイダー, error: 40 - SQL Server への接続を開けませんでした) ---> System.ComponentModel.Win32Exception (0x80004005): 指定されたファイルが見つかりません。
   場所 Microsoft.Data.SqlClient.SqlInternalConnection.OnError(SqlException exception, Boolean breakConnection, Action`1 wrapCloseInAction)
   場所 Microsoft.Data.SqlClient.TdsParser.ThrowExceptionAndWarning(TdsParserStateObject stateObj, SqlCommand command, Boolean callerHasConnectionLock, Boolean asyncClose)
   場所 Microsoft.Data.SqlClient.TdsParser.Connect(ServerInfo serverInfo, SqlInternalConnectionTds connHandler, TimeoutTimer timeout, SqlConnectionString connectionOptions, Boolean withFailover, Boolean isFirstTransparentAttempt, Boolean disableTnir)
   場所 Microsoft.Data.SqlClient.SqlInternalConnectionTds.AttemptOneLogin(ServerInfo serverInfo, String newPassword, SecureString newSecurePassword, TimeoutTimer timeout, Boolean withFailover, Boolean isFirstTransparentAttempt, Boolean disableTnir)
   場所 Microsoft.Data.SqlClient.SqlInternalConnectionTds.LoginNoFailover(ServerInfo serverInfo, String newPassword, SecureString newSecurePassword, Boolean redirectedUserInstance, SqlConnectionString connectionOptions, SqlCredential credential, TimeoutTimer timeout)
   場所 Microsoft.Data.SqlClient.SqlInternalConnectionTds.OpenLoginEnlist(TimeoutTimer timeout, SqlConnectionString connectionOptions, SqlCredential credential, String newPassword, SecureString newSecurePassword, Boolean redirectedUserInstance)
   場所 Microsoft.Data.SqlClient.SqlInternalConnectionTds..ctor(DbConnectionPoolIdentity identity, SqlConnectionString connectionOptions, SqlCredential credential, Object providerInfo, String newPassword, SecureString newSecurePassword, Boolean redirectedUserInstance, SqlConnectionString userConnectionOptions, SessionData reconnectSessionData, DbConnectionPool pool, String accessToken, Boolean applyTransientFaultHandling, Func`3 accessTokenCallback)
   場所 Microsoft.Data.SqlClient.SqlConnectionFactory.CreateConnection(DbConnectionOptions options, DbConnectionPoolKey poolKey, Object poolGroupProviderInfo, DbConnectionPool pool, DbConnection owningConnection, DbConnectionOptions userOptions)
   場所 Microsoft.Data.ProviderBase.DbConnectionFactory.CreatePooledConnection(DbConnectionPool pool, DbConnection owningObject, DbConnectionOptions options, DbConnectionPoolKey poolKey, DbConnectionOptions userOptions)
   場所 Microsoft.Data.ProviderBase.DbConnectionPool.CreateObject(DbConnection owningObject, DbConnectionOptions userOptions, DbConnectionInternal oldConnection)
   場所 Microsoft.Data.ProviderBase.DbConnectionPool.UserCreateRequest(DbConnection owningObject, DbConnectionOptions userOptions, DbConnectionInternal oldConnection)
   場所 Microsoft.Data.ProviderBase.DbConnectionPool.TryGetConnection(DbConnection owningObject, UInt32 waitForMultipleObjectsTimeout, Boolean allowCreate, Boolean onlyOneCheckConnection, DbConnectionOptions userOptions, DbConnectionInternal& connection)
   場所 Microsoft.Data.ProviderBase.DbConnectionPool.TryGetConnection(DbConnection owningObject, TaskCompletionSource`1 retry, DbConnectionOptions userOptions, DbConnectionInternal& connection)
   場所 Microsoft.Data.ProviderBase.DbConnectionFactory.TryGetConnection(DbConnection owningConnection, TaskCompletionSource`1 retry, DbConnectionOptions userOptions, DbConnectionInternal oldConnection, DbConnectionInternal& connection)
   場所 Microsoft.Data.ProviderBase.DbConnectionInternal.TryOpenConnectionInternal(DbConnection outerConnection, DbConnectionFactory connectionFactory, TaskCompletionSource`1 retry, DbConnectionOptions userOptions)
   場所 Microsoft.Data.SqlClient.SqlConnection.TryOpenInner(TaskCompletionSource`1 retry)
   場所 Microsoft.Data.SqlClient.SqlConnection.TryOpen(TaskCompletionSource`1 retry, SqlConnectionOverrides overrides)
   場所 Microsoft.Data.SqlClient.SqlConnection.Open(SqlConnectionOverrides overrides)
   場所 Touryo.Infrastructure.Public.Db.DamSqlSvr.ConnectionOpen(String connstring) 場所 C:\otr\OpenTouryo-develop\root\programs\CS\Frameworks\Infrastructure\Public\Db\DamSqlSvr.cs:行 183
   場所 Touryo.Infrastructure.Business.Business.MyFcBaseLogic.UOC_ConnectionOpen(BaseParameterValue parameterValue, IsolationLevelEnum iso) 場所 C:\otr\OpenTouryo-develop\root\programs\CS\Frameworks\Infrastructure\Business\Business\MyFcBaseLogic.cs:行 262
   場所 Touryo.Infrastructure.Framework.Business.BaseLogic.DoBusinessLogic(BaseParameterValue parameterValue, IsolationLevelEnum iso) 場所 C:\otr\OpenTouryo-develop\root\programs\CS\Frameworks\Infrastructure\Framework\Business\BaseLogic.cs:行 195
--- 直前に例外がスローされた場所からのスタック トレースの終わり ---
   場所 System.Runtime.ExceptionServices.ExceptionDispatchInfo.Throw()
   場所 Touryo.Infrastructure.Framework.Transmission.CallController.Invoke(String serviceName, Object parameterValue) 場所 C:\otr\OpenTouryo-develop\root\programs\CS\Frameworks\Infrastructure\Framework\Transmission\CallController.cs:行 381
   場所 WebForms_Sample.Aspx.Sample.Crud.sampleScreen_cc.UOC_sampleScreen_btnMButton1_Click(FxEventArgs fxEventArgs) 場所 D:\git\local\OpenTouryoProject\OT_Verify_CA_Skills\WebForms_Sample\WebForms_Sample\Aspx\sample\crud\sampleScreen_cc.aspx.cs:行 87
--- 直前に例外がスローされた場所からのスタック トレースの終わり ---
   場所 System.Runtime.ExceptionServices.ExceptionDispatchInfo.Throw()
   場所 Touryo.Infrastructure.Framework.Presentation.BaseController.LateBind(FxEventArgs fxEventArgs, EventArgs eventArgs, Object sender) 場所 C:\otr\OpenTouryo-develop\root\programs\CS\Frameworks\Infrastructure\Framework\Presentation\BaseController.cs:行 2513
   場所 Touryo.Infrastructure.Framework.Presentation.BaseController.CMN_Event_Handler(FxEventArgs fxEventArgs, EventArgs eventArgs, Object sender) 場所 C:\otr\OpenTouryo-develop\root\programs\CS\Frameworks\Infrastructure\Framework\Presentation\BaseController.cs:行 2352
ClientConnectionId:00000000-0000-0000-0000-000000000000
Error Number: 2、State: 0、Class: 20
[2026/08/12 00:14:09,658],[DEBUG],[6],,－,::1,-----↓,Global.asax,Application_OnPreRequest
[2026/08/12 00:14:14,174],[INFO ],[6],,未認証,::1,init,login
[2026/08/12 00:14:15,746],[DEBUG],[6],,－,::1,-----↑,Global.asax,Application_OnPostRequest,－,－,6056,3172
[2026/08/12 00:14:15,835],[DEBUG],[7],,－,::1,-----↓,Global.asax,Application_OnPreRequest
[2026/08/12 00:14:15,891],[INFO ],[7],,未認証,::1,postback,login
[2026/08/12 00:14:15,898],[INFO ],[7],,未認証,::1,----->,login,txtUserID
[2026/08/12 00:14:15,903],[INFO ],[7],,未認証,::1,<-----,login,txtUserID,,3,0
[2026/08/12 00:14:15,903],[INFO ],[7],,未認証,::1,----->,login,txtPassword
[2026/08/12 00:14:15,903],[INFO ],[7],,未認証,::1,<-----,login,txtPassword,,0,0
[2026/08/12 00:14:15,905],[INFO ],[7],,未認証,::1,----->,login,btnButton1
[2026/08/12 00:14:15,937],[INFO ],[7],,testuser,::1,<-----,login,btnButton1,,31,31
[2026/08/12 00:14:15,944],[DEBUG],[7],,－,::1,-----↑,Global.asax,Application_OnPostRequest,－,－,109,109
[2026/08/12 00:14:15,997],[DEBUG],[6],,－,::1,-----↓,Global.asax,Application_OnPreRequest
[2026/08/12 00:14:16,008],[INFO ],[6],,testuser,::1,init,menu
[2026/08/12 00:14:16,021],[DEBUG],[6],,－,::1,-----↑,Global.asax,Application_OnPostRequest,－,－,25,31
[2026/08/12 00:14:16,037],[DEBUG],[7],,－,::1,-----↓,Global.asax,Application_OnPreRequest
[2026/08/12 00:14:16,136],[INFO ],[7],,testuser,::1,init,sampleScreen_cc
[2026/08/12 00:14:16,192],[DEBUG],[7],,－,::1,-----↑,Global.asax,Application_OnPostRequest,－,－,155,141
[2026/08/12 00:14:16,205],[DEBUG],[8],,－,::1,-----↓,Global.asax,Application_OnPreRequest
[2026/08/12 00:14:16,225],[INFO ],[8],,testuser,::1,postback,sampleScreen_cc
[2026/08/12 00:14:16,227],[INFO ],[8],,testuser,::1,----->,sampleScreen_cc,ddlCmctCtrl
[2026/08/12 00:14:16,227],[INFO ],[8],,testuser,::1,<-----,sampleScreen_cc,ddlCmctCtrl,,0,0
[2026/08/12 00:14:16,228],[INFO ],[8],,testuser,::1,----->,sampleScreen_cc,btnMButton1
[2026/08/12 00:14:16,704],[ERROR],[8],,testuser,::1,<-----,sampleScreen_cc,btnMButton1,,476,141,other Exception,アセンブリ名：[WSServer_sample]が存在しません。
System.ArgumentException: アセンブリ名：[WSServer_sample]が存在しません。
   場所 Touryo.Infrastructure.Public.Reflection.Latebind.InvokeMethod(String assemblyName, String className, String methodName, Object[] paramSet) 場所 C:\otr\OpenTouryo-develop\root\programs\CS\Frameworks\Infrastructure\Public\Reflection\Latebind.cs:行 89
   場所 Touryo.Infrastructure.Framework.Transmission.CallController.Invoke(String serviceName, Object parameterValue) 場所 C:\otr\OpenTouryo-develop\root\programs\CS\Frameworks\Infrastructure\Framework\Transmission\CallController.cs:行 372
   場所 WebForms_Sample.Aspx.Sample.Crud.sampleScreen_cc.UOC_sampleScreen_btnMButton1_Click(FxEventArgs fxEventArgs) 場所 D:\git\local\OpenTouryoProject\OT_Verify_CA_Skills\WebForms_Sample\WebForms_Sample\Aspx\sample\crud\sampleScreen_cc.aspx.cs:行 87
--- 直前に例外がスローされた場所からのスタック トレースの終わり ---
   場所 System.Runtime.ExceptionServices.ExceptionDispatchInfo.Throw()
   場所 Touryo.Infrastructure.Framework.Presentation.BaseController.LateBind(FxEventArgs fxEventArgs, EventArgs eventArgs, Object sender) 場所 C:\otr\OpenTouryo-develop\root\programs\CS\Frameworks\Infrastructure\Framework\Presentation\BaseController.cs:行 2513
   場所 Touryo.Infrastructure.Framework.Presentation.BaseController.CMN_Event_Handler(FxEventArgs fxEventArgs, EventArgs eventArgs, Object sender) 場所 C:\otr\OpenTouryo-develop\root\programs\CS\Frameworks\Infrastructure\Framework\Presentation\BaseController.cs:行 2352
[2026/08/12 00:27:54,169],[DEBUG],[9],,－,::1,-----↓,Global.asax,Application_OnPreRequest
[2026/08/12 00:27:54,456],[INFO ],[9],,未認証,::1,init,login
[2026/08/12 00:27:56,225],[DEBUG],[9],,－,::1,-----↑,Global.asax,Application_OnPostRequest,－,－,2029,1922
[2026/08/12 00:35:38,660],[DEBUG],[11],,－,::1,-----↓,Global.asax,Application_OnPreRequest
[2026/08/12 00:35:38,787],[INFO ],[11],,未認証,::1,----->,Home,Login(OnActionExecuting)
[2026/08/12 00:35:38,905],[INFO ],[11],,未認証,::1,----->>,Home,Login -> 
[2026/08/12 00:35:38,907],[INFO ],[11],,未認証,::1,<-----,Home,Login(OnActionExecuted),125,109
[2026/08/12 00:35:38,910],[DEBUG],[11],,未認証,::1,----->,Home,Login(OnResultExecuting)
[2026/08/12 00:35:45,094],[DEBUG],[11],,未認証,::1,<-----,Home,Login(OnResultExecuted),6312,3203
[2026/08/12 00:35:45,097],[DEBUG],[11],,－,::1,-----↑,Global.asax,Application_OnPostRequest,－,－,6423,2734
[2026/08/12 00:36:05,653],[DEBUG],[12],,－,::1,-----↓,Global.asax,Application_OnPreRequest
[2026/08/12 00:36:05,864],[INFO ],[12],,未認証,::1,init,login
[2026/08/12 00:36:07,275],[DEBUG],[12],,－,::1,-----↑,Global.asax,Application_OnPostRequest,－,－,1604,1578
[2026/08/12 00:36:55,280],[INFO ],[7],,未認証,localhost,----->,Home,Index(OnActionExecuting)
[2026/08/12 00:36:55,300],[INFO ],[7],,未認証,localhost,----->>,Home,Index -> Index
[2026/08/12 00:36:55,301],[INFO ],[7],,未認証,localhost,<-----,Home,Index(OnActionExecuted),507,
[2026/08/12 00:36:55,302],[DEBUG],[7],,未認証,localhost,----->,Home,Index(OnResultExecuting)
[2026/08/12 00:36:55,537],[DEBUG],[7],,未認証,localhost,<-----,Home,Index(OnResultExecuted),235,
[2026/08/12 00:36:55,605],[INFO ],[11],,未認証,localhost,----->,Home,Index(OnActionExecuting)
[2026/08/12 00:36:55,606],[INFO ],[11],,未認証,localhost,----->>,Home,Index -> Index
[2026/08/12 00:36:55,606],[INFO ],[11],,未認証,localhost,<-----,Home,Index(OnActionExecuted),0,
[2026/08/12 00:36:55,606],[DEBUG],[11],,未認証,localhost,----->,Home,Index(OnResultExecuting)
[2026/08/12 00:36:55,611],[DEBUG],[11],,未認証,localhost,<-----,Home,Index(OnResultExecuted),4,
